[swiftsecure.net/index.html]
[backblue.gif]
[fade.gif]
[index.html]
[swiftsecure.net/backend/index]
[swiftsecure.net/backend/contact]
[swiftsecure.net/assets/seo/logo.png]
[swiftsecure.net/t&c]
[swiftsecure.net/assets/images/favicons/apple-touch-icon.png]
[swiftsecure.net/assets/images/favicons/favicon-32x32.png]
[swiftsecure.net/index.html]
[swiftsecure.net/assets/images/favicons/favicon-16x16.png]
[swiftsecure.net/assets/images/favicons/site.html]
[swiftsecure.net/assets/vendors/aos/aos.css]
[swiftsecure.net/assets/vendors/animate/animate.min.css]
[swiftsecure.net/assets/vendors/animate/custom-animate.css]
[swiftsecure.net/assets/vendors/bootstrap/css/bootstrap.min.css]
[swiftsecure.net/assets/vendors/images/icon/bx_loader.html]
[swiftsecure.net/assets/vendors/img/bx-slider/controls.77.delayed]
[swiftsecure.net/account-savings.html]
[swiftsecure.net/assets/vendors/bxslider/jquery.bxslider.css]
[swiftsecure.net/account-current.html]
[swiftsecure.net/account-fixed-dep.html]
[swiftsecure.net/assets/images/resources/logo-1.png]
[swiftsecure.net/accounts.html]
[swiftsecure.net/contact.html]
[swiftsecure.net/assets/vendors/fontawesome/css/all.min.css]
[swiftsecure.net/assets/vendors/jquery-magnific-popup/jquery.magnific-popup.css]
[swiftsecure.net/account-salary.html]
[swiftsecure.net/account-nri.html]
[swiftsecure.net/account-recuring-dep.html]
[swiftsecure.net/cards.html]
[swiftsecure.net/assets/vendors/jquery-ui/jquery-ui.css]
[swiftsecure.net/assets/vendors/nice-select/nice-select.css]
[swiftsecure.net/cards-business.html]
[swiftsecure.net/assets/vendors/odometer/odometer.min.css]
[swiftsecure.net/cards-law-interest.html]
[swiftsecure.net/cards-rewards.html]
[swiftsecure.net/cards-cashback.html]
[swiftsecure.net/about.html]
[swiftsecure.net/cards-secured.html]
[swiftsecure.net/cards-travel-hotel.html]
[swiftsecure.net/team.html]
[swiftsecure.net/careers.html]
[swiftsecure.net/assets/vendors/owl-carousel/owl.video.play.html]
[swiftsecure.net/assets/vendors/owl-carousel/owl.carousel.min.css]
[swiftsecure.net/assets/vendors/owl-carousel/owl.theme.default.min.css]
[swiftsecure.net/assets/vendors/swiper/swiper.min.css]
[swiftsecure.net/testimonials.html]
[swiftsecure.net/login.html]
[swiftsecure.net/careers-details.html]
[swiftsecure.net/register.html]
[swiftsecure.net/assets/images/shapes/slider-1-shape-1.png]
[swiftsecure.net/assets/images/slides/slide-v1-2.jpg]
[swiftsecure.net/assets/images/slides/slide-v1-1.jpg]
[swiftsecure.net/assets/images/slides/slide-v1-3.jpg]
[swiftsecure.net/assets/vendors/vegas/overlays/02.html]
[swiftsecure.net/assets/vendors/vegas/vegas.min.css]
[swiftsecure.net/assets/vendors/thm-icons/style.css]
[swiftsecure.net/assets/images/shapes/shape-1.png]
[swiftsecure.net/assets/images/shapes/counting-box-bg.png]
[swiftsecure.net/assets/images/shapes/shape-2.png]
[swiftsecure.net/assets/images/backgrounds/service-style1.jpg]
[swiftsecure.net/assets/images/resources/wealth-secure-1.jpg]
[swiftsecure.net/assets/assets/language-switcher/gb.9b.delayed]
[swiftsecure.net/assets/images/resources/wealth-secure-2.jpg]
[swiftsecure.net/assets/images/resources/wealth-secure-3.jpg]
[swiftsecure.net/assets/assets/language-switcher/fr.html]
[swiftsecure.net/assets/images/resources/wealth-secure-4.jpg]
[swiftsecure.net/assets/images/resources/features-style2-banner-1.jpg]
[swiftsecure.net/assets/assets/language-switcher/de.html]
[swiftsecure.net/assets/assets/language-switcher/it.html]
[swiftsecure.net/assets/assets/language-switcher/es.html]
[swiftsecure.net/assets/vendors/language-switcher/polyglot-language-switcher.css]
[swiftsecure.net/assets/css/module-css/01-header-section.css]
[swiftsecure.net/assets/css/module-css/02-banner-section.css]
[swiftsecure.net/assets/images/resources/features-style2-banner-2.jpg]
[swiftsecure.net/assets/css/module-css/03-about-section.css]
[swiftsecure.net/assets/images/resources/features-style2-banner-3.jpg]
[swiftsecure.net/assets/images/resources/features-style2-banner-4.jpg]
[swiftsecure.net/assets/css/module-css/04-fact-counter-section.css]
[swiftsecure.net/assets/images/resources/features-style3-img.png]
[swiftsecure.net/assets/images/backgrounds/money-exchange-value.jpg]
[swiftsecure.net/assets/css/module-css/05-testimonial-section.css]
[swiftsecure.net/assets/images/resources/flag-1.png]
[swiftsecure.net/assets/images/resources/flag-2.png]
[swiftsecure.net/assets/images/resources/flag-3.png]
[swiftsecure.net/assets/css/module-css/06-partner-section.css]
[swiftsecure.net/assets/images/resources/flag-4.png]
[swiftsecure.net/assets/css/module-css/07-footer-section.css]
[swiftsecure.net/assets/images/resources/flag-5.png]
[swiftsecure.net/assets/images/resources/flag-6.png]
[swiftsecure.net/assets/images/resources/faq-style1__image.jpg]
[swiftsecure.net/assets/css/module-css/08-blog-section.css]
[swiftsecure.net/assets/images/resources/deals-1.jpg]
[swiftsecure.net/assets/css/module-css/09-breadcrumb-section.css]
[swiftsecure.net/assets/images/resources/deals-2.jpg]
[swiftsecure.net/assets/images/resources/emi-calculator.jpg]
[swiftsecure.net/assets/images/backgrounds/slogan-content-box-bg.jpg]
[swiftsecure.net/assets/css/module-css/10-contact.css]
[swiftsecure.net/assets/images/shapes/footer-right-shape.png]
[swiftsecure.net/assets/css/style.css]
[swiftsecure.net/assets/images/footer/footer-logo-1.png]
[swiftsecure.net/assets/images/resources/mobile-nav-logo.png]
[swiftsecure.net/assets/css/responsive.css]
[swiftsecure.net/privacy-policy.html]
[swiftsecure.net/assets/vendors/jquery/jquery-3.6.0.min.js]
[swiftsecure.net/assets/notiflix/notiflix.css]
[swiftsecure.net/assets/vendors/bootstrap/js/bootstrap.bundle.min.js]
[swiftsecure.net/assets/vendors/bxslider/jquery.bxslider.min.js]
[swiftsecure.net/assets/vendors/circleType/jquery.circleType.js]
[swiftsecure.net/contact.html]
[swiftsecure.net/assets/vendors/circleType/jquery.lettering.min.js]
[swiftsecure.net/assets/vendors/isotope/isotope.js]
[swiftsecure.net/assets/vendors/jquery-ajaxchimp/jquery.ajaxchimp.min.js]
[swiftsecure.net/assets/vendors/jquery-appear/jquery.appear.min.js]
[swiftsecure.net/assets/vendors/jquery-magnific-popup/jquery.magnific-popup.min.js]
[swiftsecure.net/accounts.html]
[swiftsecure.net/assets/vendors/jquery-ui/jquery-ui.js]
[swiftsecure.net/assets/vendors/nice-select/jquery.nice-select.min.js]
[swiftsecure.net/assets/vendors/jquery-validate/jquery.validate.min.js]
[swiftsecure.net/assets/vendors/jquery-migrate/jquery-migrate.min.js]
[swiftsecure.net/assets/vendors/odometer/odometer.min.js]
[swiftsecure.net/assets/vendors/owl-carousel/owl.carousel.min.js]
[swiftsecure.net/assets/vendors/swiper/swiper.min.js]
[swiftsecure.net/assets/vendors/vegas/vegas.min.js]
[swiftsecure.net/account-savings.html]
[swiftsecure.net/account-current.html]
[swiftsecure.net/account-fixed-dep.html]
[swiftsecure.net/assets/vendors/wow/wow.js]
[swiftsecure.net/assets/vendors/extra-scripts/jquery.paroller.min.js]
[swiftsecure.net/assets/vendors/wnumb/wNumb.min.js]
[swiftsecure.net/assets/vendors/language-switcher/jquery.polyglot.language.switcher.js]
[swiftsecure.net/account-salary.html]
[swiftsecure.net/assets/js/custom.js]
[swiftsecure.net/assets/notiflix/notiflix.js]
[swiftsecure.net/assets/vendors/fontawesome/webfonts/fa-brands-400.eot]
[swiftsecure.net/assets/vendors/fontawesome/webfonts/fa-brands-400d41dd41dd41d.eot]
[swiftsecure.net/account-recuring-dep.html]
[swiftsecure.net/assets/vendors/fontawesome/webfonts/fa-brands-400.woff2]
[swiftsecure.net/assets/vendors/fontawesome/webfonts/fa-brands-400.woff]
[swiftsecure.net/assets/vendors/fontawesome/webfonts/fa-brands-400.ttf]
[swiftsecure.net/account-nri.html]
[swiftsecure.net/assets/vendors/fontawesome/webfonts/fa-regular-400.eot]
[swiftsecure.net/assets/vendors/fontawesome/webfonts/fa-regular-400d41dd41dd41d.eot]
[swiftsecure.net/assets/vendors/fontawesome/webfonts/fa-regular-400.woff2]
[swiftsecure.net/assets/vendors/fontawesome/webfonts/fa-regular-400.woff]
[swiftsecure.net/assets/vendors/fontawesome/webfonts/fa-regular-400.ttf]
[swiftsecure.net/assets/vendors/fontawesome/webfonts/fa-solid-900.woff2]
[swiftsecure.net/assets/vendors/fontawesome/webfonts/fa-solid-900.eot]
[swiftsecure.net/assets/vendors/fontawesome/webfonts/fa-solid-900d41dd41dd41d.eot]
[swiftsecure.net/loan-home]
[swiftsecure.net/assets/vendors/fontawesome/webfonts/fa-solid-900.woff]
[swiftsecure.net/cards.html]
[swiftsecure.net/assets/vendors/fontawesome/webfonts/fa-solid-900.ttf]
[swiftsecure.net/assets/vendors/jquery-ui/images/ui-bg_highlight-soft_75_cccccc_1x100.png]
[swiftsecure.net/assets/images/resources/banner-logo-1.png]
[swiftsecure.net/assets/vendors/jquery-ui/images/ui-bg_glass_75_e6e6e6_1x400.png]
[swiftsecure.net/cards-business.html]
[swiftsecure.net/cards-cashback.html]
[swiftsecure.net/assets/vendors/jquery-ui/images/ui-bg_glass_75_dadada_1x400.png]
[swiftsecure.net/assets/vendors/jquery-ui/images/ui-bg_glass_65_ffffff_1x400.png]
[swiftsecure.net/assets/vendors/jquery-ui/images/ui-bg_glass_55_fbf9ee_1x400.png]
[swiftsecure.net/cards-law-interest.html]
[swiftsecure.net/assets/vendors/jquery-ui/images/ui-bg_glass_95_fef1ec_1x400.png]
[swiftsecure.net/assets/vendors/jquery-ui/images/ui-icons_222222_256x240.png]
[swiftsecure.net/assets/vendors/jquery-ui/images/ui-icons_888888_256x240.png]
[swiftsecure.net/assets/vendors/jquery-ui/images/ui-icons_454545_256x240.png]
[swiftsecure.net/cards-rewards.html]
[swiftsecure.net/assets/vendors/jquery-ui/images/ui-icons_2e83ff_256x240.png]
[swiftsecure.net/assets/vendors/jquery-ui/images/ui-icons_cd0a0a_256x240.png]
[swiftsecure.net/assets/vendors/thm-icons/fonts/icomoon78ed78ed78ed.eot]
[swiftsecure.net/assets/vendors/thm-icons/fonts/icomoon78ed78ed78ed.ttf]
[swiftsecure.net/cards-secured.html]
[swiftsecure.net/assets/vendors/thm-icons/fonts/icomoon78ed78ed78ed.woff]
[swiftsecure.net/assets/images/backgrounds/breadcrumb-area-bg-6.jpg]
[swiftsecure.net/assets/images/backgrounds/breadcrumb-area-bg-3.jpg]
[swiftsecure.net/cards-travel-hotel.html]
[swiftsecure.net/assets/images/resources/account-1.jpg]
[swiftsecure.net/assets/images/resources/account-2.jpg]
[swiftsecure.net/assets/images/resources/account-3.jpg]
[swiftsecure.net/assets/images/resources/banking-tab-1.jpg]
[swiftsecure.net/assets/images/shapes/statistics-style2-area-shape-1.png]
[swiftsecure.net/assets/images/backgrounds/breadcrumb-area-bg-5.jpg]
[swiftsecure.net/assets/images/shapes/card-banner-area-bg.png]
[swiftsecure.net/assets/images/resources/eligibility-img-1.jpg]
[swiftsecure.net/assets/images/backgrounds/statistics-style2-area-bg.jpg]
[swiftsecure.net/assets/images/shapes/interest-charges-area-shape-1.png]
[swiftsecure.net/assets/images/resources/card-banner-img-1.png]
[swiftsecure.net/about.html]
[swiftsecure.net/assets/images/resources/card-1.jpg]
[swiftsecure.net/team.html]
[swiftsecure.net/assets/images/resources/card-2.jpg]
[swiftsecure.net/assets/images/resources/card-3.jpg]
[swiftsecure.net/assets/images/resources/card-5.jpg]
[swiftsecure.net/assets/images/resources/card-4.jpg]
[swiftsecure.net/assets/images/resources/card-details-2.jpg]
[swiftsecure.net/assets/images/resources/card-details-1.jpg]
[swiftsecure.net/careers.html]
[swiftsecure.net/assets/images/resources/offer-logo-1.png]
[swiftsecure.net/assets/images/resources/offer-logo-2.png]
[swiftsecure.net/assets/images/resources/intro-style1-video-gallery.jpg]
[swiftsecure.net/assets/images/backgrounds/breadcrumb-area-bg.jpg]
[swiftsecure.net/careers-details.html]
[swiftsecure.net/testimonials.html]
[swiftsecure.net/assets/images/resources/intro-style1-2.jpg]
[swiftsecure.net/assets/images/resources/statements-1.jpg]
[swiftsecure.net/assets/images/resources/intro-style1-1.jpg]
[swiftsecure.net/assets/images/resources/statements-2.jpg]
[swiftsecure.net/assets/images/resources/statements-3.jpg]
[swiftsecure.net/login.html]
[swiftsecure.net/assets/images/backgrounds/facts-area-bg.jpg]
[swiftsecure.net/assets/images/resources/statistics-chart.png]
[swiftsecure.net/assets/images/icon/award-1.png]
[swiftsecure.net/assets/images/resources/trophy-shape-1.png]
[swiftsecure.net/register.html]
[swiftsecure.net/assets/images/resources/trophy-shape-2.png]
[swiftsecure.net/assets/images/team/team-v1-2.jpg]
[swiftsecure.net/assets/images/resources/trophy.png]
[swiftsecure.net/assets/images/team/team-v1-1.jpg]
[swiftsecure.net/backend/index.html]
[swiftsecure.net/assets/images/team/team-v1-3.jpg]
[swiftsecure.net/backend/contact.html]
[swiftsecure.net/assets/images/shapes/intro-style2-img-box-shape-1.png]
[swiftsecure.net/assets/images/team/team-v1-4.jpg]
[swiftsecure.net/assets/images/resources/intro-style2-1.jpg]
[swiftsecure.net/privacy-policy.html]
[swiftsecure.net/assets/images/shapes/resume-box__two-shape.png]
[swiftsecure.net/assets/images/resources/resume-1.jpg]
[swiftsecure.net/assets/images/testimonial/testimonial-v1-1.jpg]
[swiftsecure.net/assets/images/testimonial/testimonial-v1-2.jpg]
[swiftsecure.net/t&c.html]
[swiftsecure.net/assets/vendors/images/icon/bx_loader.html]
[swiftsecure.net/assets/vendors/img/bx-slider/controls.html]
[swiftsecure.net/assets/vendors/fontawesome/webfonts/fa-brands-400.svg]
[swiftsecure.net/assets/vendors/fontawesome/webfonts/fa-regular-400.svg]
[swiftsecure.net/assets/vendors/fontawesome/webfonts/fa-solid-900.svg]
[swiftsecure.net/assets/vendors/owl-carousel/owl.video.play.html]
[swiftsecure.net/assets/vendors/vegas/overlays/02.html]
[swiftsecure.net/assets/vendors/thm-icons/fonts/icomoon78ed78ed78ed.svg]
[swiftsecure.net/assets/assets/language-switcher/gb.html]
[swiftsecure.net/assets/assets/language-switcher/fr.html]
[swiftsecure.net/assets/assets/language-switcher/de.html]
[swiftsecure.net/assets/assets/language-switcher/it.html]
[swiftsecure.net/assets/assets/language-switcher/es.html]
[swiftsecure.net/loan-home.html]
[swiftsecure.net/assets/images/testimonial/testimonial-v1-3.jpg]
[swiftsecure.net/assets/images/testimonial/testimonial-v1-4.jpg]
[swiftsecure.net/recovery.html]
[swiftsecure.net/recovery.html]
[code.tidio.co_443/c2woar8nclzxeept9qvbfztyridld6rj.js]
